main.bb_0: no operation
main.for.cond.0: no memory access
main.for.body.0: no memory access
main.then.21: no operation
main.then.23: no memory access
main.else.23: no memory access
main.endif.23: no operation
main.else.21: no operation
main.then.33: no memory access
main.else.33: no operation
main.endif.33: no operation
main.endif.21: no memory access
main.for.end.0: no operation
