@main(a: int) {  # defs: a_DEF1, 
  print a;       # uses: USE1,                # reaching defs: a_DEF1, 
  a: int = id a; # defs: a_DEF2, uses: USE2,  # reaching defs: a_DEF1, 
  print a;       # uses: USE3,                # reaching defs: a_DEF2, 
}
