-3 x 3 = -9
112233 x 3 = 336699
12648430 x 3 = 37945290
-1 x 3 = -3
-43958 x 3 = -131874
