-3 x 3 x 5 = -45
1233 x 3 x -233 = -861867
3 x 213 x 5 = 3195
5 x -214 x -9 = 9630
3 x 134 x 5 x 2 x 3 x -3 = -36180
