3 x -3 = -9
3 x -245 = -735
3 x -63 = -189
3 x -1 = -3
3 x -43958 = -131874
