124235 x -1234986295 = 594355683
124235 x 363563234 = 1402291254
124235 x -1000000000 = 1224004096
124235 x 1073741824 = -1073741824
124235 x -2147483648 = -2147483648
