7 x 245 = 1715
7 x 234 = 1638
7 x 5 = 35
7 x 10 = 70
7 x 34957 = 244699
