35 x 2 = 70
35 x 16 = 560
35 x 65536 = 2293760
35 x 1024 = 35840
35 x 1 = 35
