0.011459 0.043182 0.014832 -0.022659 0.014893 -0.000473 -0.015579 0.026062 -0.022781 0.001083 0.036316 -0.079178 0.113297 0.373703 0.113297 -0.079178 0.036316 0.001083 -0.022781 0.026062 -0.015579 -0.000473 0.014893 -0.022659 0.014832 0.043182 0.011459 0.000000 0.000000 0.000000 0.000000 0.000000 0.000000 0.000000 
